; NOTE: Assertions have been autogenerated by utils/update_test_checks.py
; RUN: opt -S < %s | FileCheck %s --check-prefixes=ALL,FIRST
; RUN: opt -S -globalopt < %s | FileCheck %s --check-prefixes=ALL,SECOND
;
; Make sure we use FIRST to check for @f as ALL does not work.

define internal void @f() {
; FIRST-LABEL: @f(
; FIRST-NEXT:    ret void
;
  ret void
}
